[Fri Jun 19 01:08:22 PM EAT 2026] render started — pwd: /home/bob/dev/mar/data-entry-trends
[13:08:22] ---- Preflight
[13:08:22] OK   .env
[13:08:22] OK   report.qmd
[13:08:22] OK   theme
[13:08:22] OK   renv.lock
[13:08:22] OK   R found
[13:08:22] OK   Quarto
[13:08:22] ---- Checking renv
- The project is out-of-sync -- use `renv::status()` for details.
The following package(s) are in an inconsistent state:

 package       installed recorded used
 askpass       y         n        y   
 backports     y         n        y   
 base64enc     y         n        y   
 bigD          y         n        y   
 bit           y         n        y   
 bit64         y         n        y   
 bitops        y         n        y   
 blob          y         n        y   
 broom         y         n        y   
 bslib         y         n        y   
 cachem        y         n        y   
 callr         y         n        y   
 cellranger    y         n        y   
 checkmate     y         n        y   
 cli           y         n        y   
 clipr         y         n        y   
 commonmark    y         n        y   
 conflicted    y         n        y   
 cpp11         y         n        y   
 crayon        y         n        y   
 curl          y         n        y   
 data.table    y         n        y   
 DBI           y         n        y   
 dbplyr        y         n        y   
 digest        y         n        y   
 dotenv        y         n        y   
 dplyr         y         n        y   
 dtplyr        y         n        y   
 evaluate      y         n        y   
 farver        y         n        y   
 fastmap       y         n        y   
 fontawesome   y         n        y   
 forcats       y         n        y   
 fs            y         n        y   
 gargle        y         n        y   
 generics      y         n        y   
 ggplot2       y         n        y   
 glue          y         n        y   
 googledrive   y         n        y   
 googlesheets4 y         n        y   
 gt            y         n        y   
 gtable        y         n        y   
 haven         y         n        y   
 here          y         n        y   
 highr         y         n        y   
 hms           y         n        y   
 htmltools     y         n        y   
 htmlwidgets   y         n        y   
 httr          y         n        y   
 ids           y         n        y   
 isoband       y         n        y   
 jquerylib     y         n        y   
 jsonlite      y         n        y   
 juicyjuice    y         n        y   
 knitr         y         n        y   
 labeling      y         n        y   
 lifecycle     y         n        y   
 litedown      y         n        y   
 lubridate     y         n        y   
 magrittr      y         n        y   
 markdown      y         n        y   
 memoise       y         n        y   
 mime          y         n        y   
 modelr        y         n        y   
 openssl       y         n        y   
 otel          y         n        y   
 pillar        y         n        y   
 pkgconfig     y         n        y   
 prettyunits   y         n        y   
 processx      y         n        y   
 progress      y         n        y   
 ps            y         n        y   
 purrr         y         n        y   
 R6            y         n        y   
 ragg          y         n        y   
 rappdirs      y         n        y   
 RColorBrewer  y         n        y   
 Rcpp          y         n        y   
 reactable     y         n        y   
 reactR        y         n        y   
 readr         y         n        y   
 readxl        y         n        y   
 REDCapR       y         n        y   
 rematch       y         n        y   
 rematch2      y         n        y   
 reprex        y         n        y   
 rlang         y         n        y   
 rmarkdown     y         n        y   
 rprojroot     y         n        y   
 rstudioapi    y         n        y   
 rvest         y         n        y   
 S7            y         n        y   
 sass          y         n        y   
 scales        y         n        y   
 selectr       y         n        y   
 stringi       y         n        y   
 stringr       y         n        y   
 sys           y         n        y   
 systemfonts   y         n        y   
 textshaping   y         n        y   
 tibble        y         n        y   
 tidyr         y         n        y   
 tidyselect    y         n        y   
 tidyverse     y         n        y   
 timechange    y         n        y   
 tinytex       y         n        y   
 tzdb          y         n        y   
 utf8          y         n        y   
 uuid          y         n        y   
 V8            y         n        y   
 vctrs         y         n        y   
 viridisLite   y         n        y   
 vroom         y         n        y   
 withr         y         n        y   
 xfun          y         n        y   
 xml2          y         n        y   
 yaml          y         n        y   

See `?renv::status` for advice on resolving these issues.
Library out of sync — running renv::restore()
- The library is already synchronized with the lockfile.
renv OK
[13:08:23] OK   renv in sync
[13:08:23] ---- Checking packages
- The project is out-of-sync -- use `renv::status()` for details.
All packages OK
[13:08:25] OK   Packages OK
[13:08:25] ---- Rendering report
- The project is out-of-sync -- use `renv::status()` for details.
[31m

processing file: report.qmd
[39m1/13                  
2/13 [setup]          
3/13                  
4/13 [status-chart]   
5/13                  
6/13 [overview-table] 
7/13                  
8/13 [cumulative-all] 
9/13                  
10/13 [heatmap]        
[31mError in `as.POSIXlt.default()`:
! do not know how to convert 'x' to class "POSIXlt"
Backtrace:
     ▆
  1. ├─base::withVisible(knit_print(x, ...)) at knitr/R/utils.R:855:5
  2. ├─knitr::knit_print(x, ...) at knitr/R/utils.R:855:5
  3. └─knitr:::knit_print.default(x, ...) at knitr/R/output.R:751:5
  4.   └─knitr::normal_print(x) at knitr/R/output.R:758:3
  5.     ├─base::print(x) at knitr/R/output.R:770:3
  6.     └─ggplot2 (local) `print.ggplot2::ggplot`(x)
  7.       ├─ggplot2::ggplot_gtable(data) at ggplot2/R/plot.R:213:7
  8.       └─ggplot2 (local) `ggplot_gtable.ggplot2::ggplot_built`(data) at ggplot2/R/plot-build.R:205:3
  9.         └─layout$render(geom_grobs, data, theme, plot@labels) at ggplot2/R/plot-build.R:216:3
 10.           └─ggplot2 (local) render(..., self = self) at ggplot2/R/ggproto.R:196:17
 11.             └─self$facet$draw_panels(...) at ggplot2/R/layout.R:413:5
 12.               └─ggplot2 (local) draw_panels(..., self = self) at ggplot2/R/ggproto.R:196:17
 13.                 └─ggproto_parent(Facet, self)$draw_panels(...) at ggplot2/R/facet-wrap.R:439:5
 14.                   └─ggplot2 (local) draw_panels(..., self = self) at ggplot2/R/ggproto.R:196:17
 15.                     └─self$attach_strips(table, layout, params, theme) at ggplot2/R/facet-.R:531:5
 16.                       └─ggplot2 (local) attach_strips(..., self = self) at ggplot2/R/ggproto.R:196:17
 17.                         └─self$format_strip_labels(layout, params) at ggplot2/R/facet-wrap.R:383:5
 18.                           └─ggplot2 (local) format_strip_labels(...) at ggplot2/R/ggproto.R:196:17
 19.                             ├─ggplot2:::data_frame0(!!!labeller(labels)) at ggplot2/R/facet-wrap.R:462:5
 20.                             │ └─vctrs::data_frame(..., .name_repair = "minimal") at ggplot2/R/utilities.R:354:16
 21.                             │   └─rlang::list2(...) at vctrs/R/type-data-frame.R:187:3
 22.                             └─scales (local) labeller(labels) at rlang/R/dots.R:91:3
 23.                               ├─base::as.POSIXlt(x) at scales/R/label-date.R:69:5
 24.                               └─base::as.POSIXlt.default(x)
[39m[31m
Quitting from report.qmd:138-144 [heatmap]
[39m[31mExecution halted
[39m[33mWARN: Error encountered when rendering files[39m
[13:08:38] FAIL Render failed — check /home/bob/dev/mar/data-entry-trends/logs/render_20260619_130822.log
