[Fri Jun 19 01:20:29 PM EAT 2026] render started — pwd: /home/bob/dev/mar/data-entry-trends
[13:20:29] ---- Preflight
[13:20:29] OK   .env
[13:20:29] OK   report.qmd
[13:20:29] OK   theme
[13:20:29] OK   renv.lock
[13:20:29] OK   R found
[13:20:29] OK   Quarto
[13:20:29] ---- Checking renv
- The project is out-of-sync -- use `renv::status()` for details.
The following package(s) are in an inconsistent state:

 package       installed recorded used
 askpass       y         n        y   
 backports     y         n        y   
 base64enc     y         n        y   
 bigD          y         n        y   
 bit           y         n        y   
 bit64         y         n        y   
 bitops        y         n        y   
 blob          y         n        y   
 broom         y         n        y   
 bslib         y         n        y   
 cachem        y         n        y   
 callr         y         n        y   
 cellranger    y         n        y   
 checkmate     y         n        y   
 cli           y         n        y   
 clipr         y         n        y   
 commonmark    y         n        y   
 conflicted    y         n        y   
 cpp11         y         n        y   
 crayon        y         n        y   
 curl          y         n        y   
 data.table    y         n        y   
 DBI           y         n        y   
 dbplyr        y         n        y   
 digest        y         n        y   
 dotenv        y         n        y   
 dplyr         y         n        y   
 dtplyr        y         n        y   
 evaluate      y         n        y   
 farver        y         n        y   
 fastmap       y         n        y   
 fontawesome   y         n        y   
 forcats       y         n        y   
 fs            y         n        y   
 gargle        y         n        y   
 generics      y         n        y   
 ggplot2       y         n        y   
 glue          y         n        y   
 googledrive   y         n        y   
 googlesheets4 y         n        y   
 gt            y         n        y   
 gtable        y         n        y   
 haven         y         n        y   
 here          y         n        y   
 highr         y         n        y   
 hms           y         n        y   
 htmltools     y         n        y   
 htmlwidgets   y         n        y   
 httr          y         n        y   
 ids           y         n        y   
 isoband       y         n        y   
 jquerylib     y         n        y   
 jsonlite      y         n        y   
 juicyjuice    y         n        y   
 knitr         y         n        y   
 labeling      y         n        y   
 lifecycle     y         n        y   
 litedown      y         n        y   
 lubridate     y         n        y   
 magrittr      y         n        y   
 markdown      y         n        y   
 memoise       y         n        y   
 mime          y         n        y   
 modelr        y         n        y   
 openssl       y         n        y   
 otel          y         n        y   
 pillar        y         n        y   
 pkgconfig     y         n        y   
 prettyunits   y         n        y   
 processx      y         n        y   
 progress      y         n        y   
 ps            y         n        y   
 purrr         y         n        y   
 R6            y         n        y   
 ragg          y         n        y   
 rappdirs      y         n        y   
 RColorBrewer  y         n        y   
 Rcpp          y         n        y   
 reactable     y         n        y   
 reactR        y         n        y   
 readr         y         n        y   
 readxl        y         n        y   
 REDCapR       y         n        y   
 rematch       y         n        y   
 rematch2      y         n        y   
 reprex        y         n        y   
 rlang         y         n        y   
 rmarkdown     y         n        y   
 rprojroot     y         n        y   
 rstudioapi    y         n        y   
 rvest         y         n        y   
 S7            y         n        y   
 sass          y         n        y   
 scales        y         n        y   
 selectr       y         n        y   
 stringi       y         n        y   
 stringr       y         n        y   
 sys           y         n        y   
 systemfonts   y         n        y   
 textshaping   y         n        y   
 tibble        y         n        y   
 tidyr         y         n        y   
 tidyselect    y         n        y   
 tidyverse     y         n        y   
 timechange    y         n        y   
 tinytex       y         n        y   
 tzdb          y         n        y   
 utf8          y         n        y   
 uuid          y         n        y   
 V8            y         n        y   
 vctrs         y         n        y   
 viridisLite   y         n        y   
 vroom         y         n        y   
 withr         y         n        y   
 xfun          y         n        y   
 xml2          y         n        y   
 yaml          y         n        y   

See `?renv::status` for advice on resolving these issues.
Library out of sync — running renv::restore()
- The library is already synchronized with the lockfile.
renv OK
[13:20:31] OK   renv in sync
[13:20:31] ---- Checking packages
- The project is out-of-sync -- use `renv::status()` for details.
All packages OK
[13:20:33] OK   Packages OK
[13:20:33] ---- Rendering report
- The project is out-of-sync -- use `renv::status()` for details.
[31m

processing file: report.qmd
[39m1/10                  
2/10 [unnamed-chunk-1]
[31mError:
! object 'progress_daily' not found
Backtrace:
    ▆
 1. ├─dplyr::arrange(...)
 2. ├─dplyr::mutate(...) at dplyr/R/arrange.R:83:3
 3. ├─dplyr::summarise(...) at dplyr/R/mutate.R:146:3
 4. └─dplyr::group_by(progress_daily, hosp_id) at dplyr/R/summarise.R:113:3
[39m[31m
Quitting from report.qmd:26-47 [unnamed-chunk-1]
Execution halted
[39m[33mWARN: Error encountered when rendering files[39m
[13:20:45] FAIL Render failed — check /home/bob/dev/mar/data-entry-trends/logs/render_20260619_132029.log
