[Fri Jun 19 01:31:41 PM EAT 2026] render started — pwd: /home/bob/dev/mar/data-entry-trends
[13:31:41] ---- Preflight
[13:31:41] OK   .env
[13:31:41] OK   report.qmd
[13:31:41] OK   theme
[13:31:41] OK   renv.lock
[13:31:41] OK   R found
[13:31:41] OK   Quarto
[13:31:41] ---- Checking renv
- The project is out-of-sync -- use `renv::status()` for details.
The following package(s) are in an inconsistent state:

 package       installed recorded used
 askpass       y         n        y   
 backports     y         n        y   
 base64enc     y         n        y   
 bit           y         n        y   
 bit64         y         n        y   
 blob          y         n        y   
 broom         y         n        y   
 bslib         y         n        y   
 cachem        y         n        y   
 callr         y         n        y   
 cellranger    y         n        y   
 checkmate     y         n        y   
 cli           y         n        y   
 clipr         y         n        y   
 conflicted    y         n        y   
 cpp11         y         n        y   
 crayon        y         n        y   
 curl          y         n        y   
 data.table    y         n        y   
 DBI           y         n        y   
 dbplyr        y         n        y   
 digest        y         n        y   
 dotenv        y         n        y   
 dplyr         y         n        y   
 dtplyr        y         n        y   
 evaluate      y         n        y   
 farver        y         n        y   
 fastmap       y         n        y   
 fontawesome   y         n        y   
 forcats       y         n        y   
 fs            y         n        y   
 gargle        y         n        y   
 generics      y         n        y   
 ggplot2       y         n        y   
 glue          y         n        y   
 googledrive   y         n        y   
 googlesheets4 y         n        y   
 gtable        y         n        y   
 haven         y         n        y   
 here          y         n        y   
 highr         y         n        y   
 hms           y         n        y   
 htmltools     y         n        y   
 httr          y         n        y   
 ids           y         n        y   
 isoband       y         n        y   
 jquerylib     y         n        y   
 jsonlite      y         n        y   
 knitr         y         n        y   
 labeling      y         n        y   
 lifecycle     y         n        y   
 lubridate     y         n        y   
 magrittr      y         n        y   
 memoise       y         n        y   
 mime          y         n        y   
 modelr        y         n        y   
 openssl       y         n        y   
 otel          y         n        y   
 pillar        y         n        y   
 pkgconfig     y         n        y   
 prettyunits   y         n        y   
 processx      y         n        y   
 progress      y         n        y   
 ps            y         n        y   
 purrr         y         n        y   
 R6            y         n        y   
 ragg          y         n        y   
 rappdirs      y         n        y   
 RColorBrewer  y         n        y   
 readr         y         n        y   
 readxl        y         n        y   
 REDCapR       y         n        y   
 rematch       y         n        y   
 rematch2      y         n        y   
 reprex        y         n        y   
 rlang         y         n        y   
 rmarkdown     y         n        y   
 rprojroot     y         n        y   
 rstudioapi    y         n        y   
 rvest         y         n        y   
 S7            y         n        y   
 sass          y         n        y   
 scales        y         n        y   
 selectr       y         n        y   
 stringi       y         n        y   
 stringr       y         n        y   
 sys           y         n        y   
 systemfonts   y         n        y   
 textshaping   y         n        y   
 tibble        y         n        y   
 tidyr         y         n        y   
 tidyselect    y         n        y   
 tidyverse     y         n        y   
 timechange    y         n        y   
 tinytex       y         n        y   
 tzdb          y         n        y   
 utf8          y         n        y   
 uuid          y         n        y   
 vctrs         y         n        y   
 viridisLite   y         n        y   
 vroom         y         n        y   
 withr         y         n        y   
 xfun          y         n        y   
 xml2          y         n        y   
 yaml          y         n        y   

See `?renv::status` for advice on resolving these issues.
Library out of sync — running renv::restore()
- The library is already synchronized with the lockfile.
renv OK
[13:31:43] OK   renv in sync
[13:31:43] ---- Checking packages
- The project is out-of-sync -- use `renv::status()` for details.
All packages OK
[13:31:45] OK   Packages OK
[13:31:45] ---- Archiving previous report
[13:31:45] OK   Archived
[13:31:45] ---- Rendering report
- The project is out-of-sync -- use `renv::status()` for details.
[31m

processing file: report.qmd
[39m1/5                  
2/5 [unnamed-chunk-1]
3/5                  
4/5 [unnamed-chunk-2]
[31mError in `arrange()`:
ℹ In argument: `..1 = work_date`.
Caused by error:
! object 'work_date' not found
Backtrace:
     ▆
  1. ├─global plot_daily_bars(...)
  2. │ ├─dplyr::slice_tail(arrange(data, work_date), n = window)
  3. │ ├─dplyr::arrange(data, work_date)
  4. │ └─dplyr:::arrange.data.frame(data, work_date) at dplyr/R/arrange.R:83:3
  5. │   └─dplyr:::arrange_rows(.data, dots = dots, locale = .locale) at dplyr/R/arrange.R:95:3
  6. │     ├─dplyr::mutate(data, `:=`("{name}", !!dot), .keep = "none") at dplyr/R/arrange.R:145:5
  7. │     └─dplyr:::mutate.data.frame(data, `:=`("{name}", !!dot), .keep = "none") at dplyr/R/mutate.R:146:3
  8. │       └─dplyr:::mutate_cols(.data, dplyr_quosures(...), by) at dplyr/R/mutate.R:183:3
  9. │         ├─base::withCallingHandlers(...) at dplyr/R/mutate.R:270:3
 10. │         └─dplyr:::mutate_col(dots[[i]], data, mask, new_columns) at dplyr/R/mutate.R:275:7
 11. │           └─mask$eval_all_mutate(quo) at dplyr/R/mutate.R:392:9
 12. │             └─dplyr (local) eval() at dplyr/R/data-mask.R:117:7
 13. └─base::.handleSimpleError(...)
 14.   └─dplyr (local) h(simpleError(msg, call))
 15.     └─rlang::abort(message, class = error_class, parent = parent, call = error_call) at dplyr/R/conditions.R:245:5
[39m[31m
Quitting from report.qmd:44-63 [unnamed-chunk-2]
[39m[31mExecution halted
[39m[33mWARN: Error encountered when rendering files[39m
[13:31:56] FAIL Render failed — check /home/bob/dev/mar/data-entry-trends/logs/render_20260619_133141.log
