[Fri Jun 19 01:16:48 PM EAT 2026] render started — pwd: /home/bob/dev/mar/data-entry-trends
[13:16:48] ---- Preflight
[13:16:48] OK   .env
[13:16:48] OK   report.qmd
[13:16:48] OK   theme
[13:16:48] OK   renv.lock
[13:16:48] OK   R found
[13:16:48] OK   Quarto
[13:16:48] ---- Checking renv
- The project is out-of-sync -- use `renv::status()` for details.
The following package(s) are in an inconsistent state:

 package       installed recorded used
 askpass       y         n        y   
 backports     y         n        y   
 base64enc     y         n        y   
 bigD          y         n        y   
 bit           y         n        y   
 bit64         y         n        y   
 bitops        y         n        y   
 blob          y         n        y   
 broom         y         n        y   
 bslib         y         n        y   
 cachem        y         n        y   
 callr         y         n        y   
 cellranger    y         n        y   
 checkmate     y         n        y   
 cli           y         n        y   
 clipr         y         n        y   
 commonmark    y         n        y   
 conflicted    y         n        y   
 cpp11         y         n        y   
 crayon        y         n        y   
 curl          y         n        y   
 data.table    y         n        y   
 DBI           y         n        y   
 dbplyr        y         n        y   
 digest        y         n        y   
 dotenv        y         n        y   
 dplyr         y         n        y   
 dtplyr        y         n        y   
 evaluate      y         n        y   
 farver        y         n        y   
 fastmap       y         n        y   
 fontawesome   y         n        y   
 forcats       y         n        y   
 fs            y         n        y   
 gargle        y         n        y   
 generics      y         n        y   
 ggplot2       y         n        y   
 glue          y         n        y   
 googledrive   y         n        y   
 googlesheets4 y         n        y   
 gt            y         n        y   
 gtable        y         n        y   
 haven         y         n        y   
 here          y         n        y   
 highr         y         n        y   
 hms           y         n        y   
 htmltools     y         n        y   
 htmlwidgets   y         n        y   
 httr          y         n        y   
 ids           y         n        y   
 isoband       y         n        y   
 jquerylib     y         n        y   
 jsonlite      y         n        y   
 juicyjuice    y         n        y   
 knitr         y         n        y   
 labeling      y         n        y   
 lifecycle     y         n        y   
 litedown      y         n        y   
 lubridate     y         n        y   
 magrittr      y         n        y   
 markdown      y         n        y   
 memoise       y         n        y   
 mime          y         n        y   
 modelr        y         n        y   
 openssl       y         n        y   
 otel          y         n        y   
 pillar        y         n        y   
 pkgconfig     y         n        y   
 prettyunits   y         n        y   
 processx      y         n        y   
 progress      y         n        y   
 ps            y         n        y   
 purrr         y         n        y   
 R6            y         n        y   
 ragg          y         n        y   
 rappdirs      y         n        y   
 RColorBrewer  y         n        y   
 Rcpp          y         n        y   
 reactable     y         n        y   
 reactR        y         n        y   
 readr         y         n        y   
 readxl        y         n        y   
 REDCapR       y         n        y   
 rematch       y         n        y   
 rematch2      y         n        y   
 reprex        y         n        y   
 rlang         y         n        y   
 rmarkdown     y         n        y   
 rprojroot     y         n        y   
 rstudioapi    y         n        y   
 rvest         y         n        y   
 S7            y         n        y   
 sass          y         n        y   
 scales        y         n        y   
 selectr       y         n        y   
 stringi       y         n        y   
 stringr       y         n        y   
 sys           y         n        y   
 systemfonts   y         n        y   
 textshaping   y         n        y   
 tibble        y         n        y   
 tidyr         y         n        y   
 tidyselect    y         n        y   
 tidyverse     y         n        y   
 timechange    y         n        y   
 tinytex       y         n        y   
 tzdb          y         n        y   
 utf8          y         n        y   
 uuid          y         n        y   
 V8            y         n        y   
 vctrs         y         n        y   
 viridisLite   y         n        y   
 vroom         y         n        y   
 withr         y         n        y   
 xfun          y         n        y   
 xml2          y         n        y   
 yaml          y         n        y   

See `?renv::status` for advice on resolving these issues.
Library out of sync — running renv::restore()
- The library is already synchronized with the lockfile.
renv OK
[13:16:49] OK   renv in sync
[13:16:49] ---- Checking packages
- The project is out-of-sync -- use `renv::status()` for details.
All packages OK
[13:16:51] OK   Packages OK
[13:16:51] ---- Rendering report
- The project is out-of-sync -- use `renv::status()` for details.
[31m

processing file: report.qmd
[39m1/10                  
2/10 [unnamed-chunk-1]
3/10                  
4/10 [unnamed-chunk-2]
5/10                  
6/10 [unnamed-chunk-3]
[31mError in `select()` at gt/R/gt.R:338:3:
! Can't select columns that don't exist.
✖ Column `active_days` doesn't exist.
Backtrace:
     ▆
  1. ├─gt::tab_options(...)
  2. │ └─gt:::stop_if_not_gt_tbl(data = data) at gt/R/tab_options.R:920:3
  3. │   └─gt:::is_gt_tbl(data = data) at gt/R/utils.R:91:3
  4. ├─gt::cols_align(...) at gt/R/tab_options.R:920:3
  5. │ └─gt:::stop_if_not_gt_tbl_or_group(data = data) at gt/R/cols_align.R:121:3
  6. │   └─gt:::is_gt_tbl_or_group(data) at gt/R/utils.R:119:3
  7. ├─gt::data_color(...) at gt/R/cols_align.R:121:3
  8. │ └─gt:::stop_if_not_gt_tbl(data = data) at gt/R/data_color.R:701:3
  9. │   └─gt:::is_gt_tbl(data = data) at gt/R/utils.R:91:3
 10. ├─gt::fmt_date(...) at gt/R/data_color.R:701:3
 11. │ └─gt:::stop_if_not_gt_tbl(data = data) at gt/R/fmt_date_time.R:230:3
 12. │   └─gt:::is_gt_tbl(data = data) at gt/R/utils.R:91:3
 13. ├─gt::fmt_number(...) at gt/R/fmt_date_time.R:230:3
 14. │ └─gt:::stop_if_not_gt_tbl(data = data) at gt/R/fmt_number.R:436:3
 15. │   └─gt:::is_gt_tbl(data = data) at gt/R/utils.R:91:3
 16. ├─gt::tab_header(...) at gt/R/fmt_number.R:436:3
 17. │ └─gt:::stop_if_not_gt_tbl(data = data) at gt/R/tab_create_modify.R:205:3
 18. │   └─gt:::is_gt_tbl(data = data) at gt/R/utils.R:91:3
 19. ├─gt::gt(...) at gt/R/tab_create_modify.R:205:3
 20. │ └─"rowname" %in% names(data) at gt/R/gt.R:338:3
 21. ├─dplyr::select(...) at gt/R/gt.R:338:3
 22. ├─dplyr:::select.data.frame(...) at dplyr/R/select.R:54:3
 23. │ └─tidyselect::eval_select(expr(c(...)), data = .data, error_call = error_call) at dplyr/R/select.R:65:3
 24. │   └─tidyselect:::eval_select_impl(...) at tidyselect/R/eval-select.R:140:3
 25. │     ├─tidyselect:::with_subscript_errors(...) at tidyselect/R/eval-select.R:181:3
 26. │     │ └─base::withCallingHandlers(...) at tidyselect/R/conditions.R:2:3
 27. │     └─tidyselect:::vars_select_eval(...) at tidyselect/R/eval-select.R:181:3
 28. │       └─tidyselect:::walk_data_tree(expr, data_mask, context_mask) at tidyselect/R/eval-walk.R:83:3
 29. │         └─tidyselect:::eval_c(expr, data_mask, context_mask) at tidyselect/R/eval-walk.R:154:3
 30. │           └─tidyselect:::reduce_sels(node, data_mask, context_mask, init = init) at tidyselect/R/eval-c.R:15:3
 31. │             └─tidyselect:::walk_data_tree(new, data_mask, context_mask) at tidyselect/R/eval-c.R:33:5
 32. │               └─tidyselect:::as_indices_sel_impl(...) at tidyselect/R/eval-walk.R:180:3
 33. │                 └─tidyselect:::as_indices_impl(...) at tidyselect/R/eval-walk.R:225:3
 34. │                   └─tidyselect:::chr_as_locations(x, vars, call = call, arg = arg) at tidyselect/R/eval-walk.R:260:3
 35. │                     └─vctrs::vec_as_location(...) at tidyselect/R/eval-walk.R:270:3
 36. └─vctrs (local) `<fn>`() at vctrs/R/subscript-loc.R:84:3
 37.   └─vctrs:::stop_subscript_oob(...)
 38.     └─vctrs:::stop_subscript(...) at vctrs/R/subscript-loc.R:503:3
 39.       └─rlang::abort(...) at vctrs/R/subscript.R:150:3
[39m[31m
Quitting from report.qmd:61-91 [unnamed-chunk-3]
[39m[31mExecution halted
[39m[33mWARN: Error encountered when rendering files[39m
[13:17:04] FAIL Render failed — check /home/bob/dev/mar/data-entry-trends/logs/render_20260619_131647.log
